2026-09-09 23:16:55,504 - aqt.main - INFO - installer 19084 aqtinstall(aqt) v3.3.0 on Python 3.12.10 [CPython MSC v.1943 64 bit (AMD64)]
2026-09-09 23:17:07,867 - aqt.main - INFO - installer 18132 aqtinstall(aqt) v3.3.0 on Python 3.12.10 [CPython MSC v.1943 64 bit (AMD64)]
2026-09-09 23:17:07,867 - aqt.helper - DEBUG - helper 18132 Attempt to download checksum at https://download.qt.io/online/qtsdkrepository/windows_x86/desktop/qt6_6111/qt6_6111/Updates.xml.sha256
2026-09-09 23:17:08,539 - aqt.helper - DEBUG - helper 18132 Attempt to download checksum at https://download.qt.io/online/qtsdkrepository/windows_x86/desktop/qt6_6111/qt6_6111/Updates.xml.sha256
2026-09-09 23:17:09,125 - aqt.helper - DEBUG - helper 18132 Attempt to download checksum at https://download.qt.io/online/qtsdkrepository/windows_x86/desktop/qt6_6111/qt6_6111/Updates.xml.sha256
2026-09-09 23:17:09,716 - aqt.helper - DEBUG - helper 18132 Attempt to download checksum at https://download.qt.io/online/qtsdkrepository/windows_x86/desktop/qt6_6111/qt6_6111/Updates.xml.sha256
2026-09-09 23:17:10,273 - aqt.helper - DEBUG - helper 18132 Attempt to download checksum at https://download.qt.io/online/qtsdkrepository/windows_x86/desktop/qt6_6111/qt6_6111/Updates.xml.sha256
2026-09-09 23:17:10,821 - aqt.archives - WARNING - archives 18132 Failed to download checksum for the file 'online/qtsdkrepository/windows_x86/desktop/qt6_6111/qt6_6111/Updates.xml'. This may happen on unofficial mirrors.
2026-09-09 23:17:11,349 - aqt.main - ERROR - installer 18132 Failed to locate XML data for Qt version '6.11.1'.
==============================Suggested follow-up:==============================
* Please use 'aqt list-qt windows desktop' to show versions available.
2026-09-09 23:17:56,362 - aqt.main - INFO - installer 19964 aqtinstall(aqt) v3.3.0 on Python 3.12.10 [CPython MSC v.1943 64 bit (AMD64)]
2026-09-09 23:17:56,362 - aqt.helper - DEBUG - helper 19964 Attempt to download checksum at https://download.qt.io/online/qtsdkrepository/windows_x86/desktop/qt6_6111/qt6_6111/Updates.xml.sha256
2026-09-09 23:17:56,958 - aqt.helper - DEBUG - helper 19964 Attempt to download checksum at https://download.qt.io/online/qtsdkrepository/windows_x86/desktop/qt6_6111/qt6_6111/Updates.xml.sha256
2026-09-09 23:17:57,519 - aqt.helper - DEBUG - helper 19964 Attempt to download checksum at https://download.qt.io/online/qtsdkrepository/windows_x86/desktop/qt6_6111/qt6_6111/Updates.xml.sha256
2026-09-09 23:17:58,058 - aqt.helper - DEBUG - helper 19964 Attempt to download checksum at https://download.qt.io/online/qtsdkrepository/windows_x86/desktop/qt6_6111/qt6_6111/Updates.xml.sha256
2026-09-09 23:17:58,580 - aqt.helper - DEBUG - helper 19964 Attempt to download checksum at https://download.qt.io/online/qtsdkrepository/windows_x86/desktop/qt6_6111/qt6_6111/Updates.xml.sha256
2026-09-09 23:17:59,151 - aqt.archives - WARNING - archives 19964 Failed to download checksum for the file 'online/qtsdkrepository/windows_x86/desktop/qt6_6111/qt6_6111/Updates.xml'. This may happen on unofficial mirrors.
2026-09-09 23:17:59,751 - aqt.main - ERROR - installer 19964 Failed to locate XML data for Qt version '6.11.1'.
==============================Suggested follow-up:==============================
* Please use 'aqt list-qt windows desktop' to show versions available.
2026-09-09 23:18:28,604 - aqt.main - INFO - installer 6860 aqtinstall(aqt) v3.3.0 on Python 3.12.10 [CPython MSC v.1943 64 bit (AMD64)]
2026-09-09 23:18:28,605 - aqt.helper - DEBUG - helper 6860 Attempt to download checksum at https://download.qt.io/online/qtsdkrepository/windows_x86/desktop/qt6_6103/qt6_6103/Updates.xml.sha256
2026-09-09 23:18:30,036 - aqt.helper - DEBUG - helper 6860 Attempt to download checksum at https://download.qt.io/online/qtsdkrepository/windows_x86/extensions/qtwebengine/6103/msvc2022_64/Updates.xml.sha256
2026-09-09 23:18:31,249 - aqt.archives - INFO - archives 6860 Found extension qtwebengine
2026-09-09 23:18:31,249 - aqt.helper - DEBUG - helper 6860 Attempt to download checksum at https://download.qt.io/online/qtsdkrepository/windows_x86/extensions/qtpdf/6103/msvc2022_64/Updates.xml.sha256
2026-09-09 23:18:32,335 - aqt.archives - INFO - archives 6860 Found extension qtpdf
2026-09-09 23:18:32,351 - aqt.main - ERROR - installer 6860 The packages ['qtsvg'] were not found while parsing XML of package information!
==============================Suggested follow-up:==============================
* Please use 'aqt list-qt windows desktop --modules 6.10.3 <arch>' to show modules available.
2026-09-09 23:19:14,450 - aqt.helper - DEBUG - helper 6204 Attempt to download checksum at https://download.qt.io/online/qtsdkrepository/windows_x86/desktop/qt6_6103/qt6_6103/Updates.xml.sha256
2026-09-09 23:19:15,851 - aqt.helper - DEBUG - helper 6204 Attempt to download checksum at https://download.qt.io/online/qtsdkrepository/windows_x86/extensions/qtpdf/6103/msvc2022_64/Updates.xml.sha256
2026-09-09 23:19:16,973 - aqt.helper - DEBUG - helper 6204 Attempt to download checksum at https://download.qt.io/online/qtsdkrepository/windows_x86/extensions/qtwebengine/6103/msvc2022_64/Updates.xml.sha256
2026-09-09 23:19:29,294 - aqt.main - INFO - installer 20400 aqtinstall(aqt) v3.3.0 on Python 3.12.10 [CPython MSC v.1943 64 bit (AMD64)]
2026-09-09 23:19:29,295 - aqt.helper - DEBUG - helper 20400 Attempt to download checksum at https://download.qt.io/online/qtsdkrepository/windows_x86/desktop/qt6_6103/qt6_6103/Updates.xml.sha256
2026-09-09 23:19:30,613 - aqt.helper - DEBUG - helper 20400 Attempt to download checksum at https://download.qt.io/online/qtsdkrepository/windows_x86/extensions/qtwebengine/6103/msvc2022_64/Updates.xml.sha256
2026-09-09 23:19:31,729 - aqt.archives - INFO - archives 20400 Found extension qtwebengine
2026-09-09 23:19:31,729 - aqt.helper - DEBUG - helper 20400 Attempt to download checksum at https://download.qt.io/online/qtsdkrepository/windows_x86/extensions/qtpdf/6103/msvc2022_64/Updates.xml.sha256
2026-09-09 23:19:32,883 - aqt.archives - INFO - archives 20400 Found extension qtpdf
2026-09-09 23:19:33,823 - aqt.helper - DEBUG - helper 18032 Attempt to download checksum at https://download.qt.io/online/qtsdkrepository/windows_x86/desktop/qt6_6103/qt6_6103/qt.qt6.6103.addons.qtmultimedia.win64_msvc2022_64/6.10.3-0-202603310407qtmultimedia-Windows-Windows_11_24H2-MSVC2022-Windows-Windows_11_24H2-X86_64.7z.sha256
2026-09-09 23:19:33,925 - aqt.helper - DEBUG - helper 19420 Attempt to download checksum at https://download.qt.io/online/qtsdkrepository/windows_x86/desktop/qt6_6103/qt6_6103/qt.qt6.6103.win64_msvc2022_64/6.10.3-0-202603310407qtbase-Windows-Windows_11_24H2-MSVC2022-Windows-Windows_11_24H2-X86_64.7z.sha256
2026-09-09 23:19:34,075 - aqt.helper - DEBUG - helper 11420 Attempt to download checksum at https://download.qt.io/online/qtsdkrepository/windows_x86/desktop/qt6_6103/qt6_6103/qt.qt6.6103.win64_msvc2022_64/6.10.3-0-202603310407qtsvg-Windows-Windows_11_24H2-MSVC2022-Windows-Windows_11_24H2-X86_64.7z.sha256
2026-09-09 23:19:34,225 - aqt.helper - DEBUG - helper 11800 Attempt to download checksum at https://download.qt.io/online/qtsdkrepository/windows_x86/desktop/qt6_6103/qt6_6103/qt.qt6.6103.win64_msvc2022_64/6.10.3-0-202603310407qtdeclarative-Windows-Windows_11_24H2-MSVC2022-Windows-Windows_11_24H2-X86_64.7z.sha256
2026-09-09 23:19:34,518 - aqt.helper - INFO - helper 18032 Downloading qtmultimedia...
2026-09-09 23:19:34,518 - aqt.installer - DEBUG - installer 18032 Download URL: https://download.qt.io/online/qtsdkrepository/windows_x86/desktop/qt6_6103/qt6_6103/qt.qt6.6103.addons.qtmultimedia.win64_msvc2022_64/6.10.3-0-202603310407qtmultimedia-Windows-Windows_11_24H2-MSVC2022-Windows-Windows_11_24H2-X86_64.7z
2026-09-09 23:19:34,723 - aqt.helper - INFO - helper 19420 Downloading qtbase...
2026-09-09 23:19:34,723 - aqt.installer - DEBUG - installer 19420 Download URL: https://download.qt.io/online/qtsdkrepository/windows_x86/desktop/qt6_6103/qt6_6103/qt.qt6.6103.win64_msvc2022_64/6.10.3-0-202603310407qtbase-Windows-Windows_11_24H2-MSVC2022-Windows-Windows_11_24H2-X86_64.7z
2026-09-09 23:19:34,782 - aqt.helper - INFO - helper 11420 Downloading qtsvg...
2026-09-09 23:19:34,782 - aqt.installer - DEBUG - installer 11420 Download URL: https://download.qt.io/online/qtsdkrepository/windows_x86/desktop/qt6_6103/qt6_6103/qt.qt6.6103.win64_msvc2022_64/6.10.3-0-202603310407qtsvg-Windows-Windows_11_24H2-MSVC2022-Windows-Windows_11_24H2-X86_64.7z
2026-09-09 23:19:34,889 - aqt.helper - INFO - helper 11800 Downloading qtdeclarative...
2026-09-09 23:19:34,889 - aqt.installer - DEBUG - installer 11800 Download URL: https://download.qt.io/online/qtsdkrepository/windows_x86/desktop/qt6_6103/qt6_6103/qt.qt6.6103.win64_msvc2022_64/6.10.3-0-202603310407qtdeclarative-Windows-Windows_11_24H2-MSVC2022-Windows-Windows_11_24H2-X86_64.7z
2026-09-09 23:19:35,172 - aqt.helper - DEBUG - helper 18032 Asked to redirect(302) to: https://qtproject.mirror.liquidtelecom.com/online/qtsdkrepository/windows_x86/desktop/qt6_6103/qt6_6103/qt.qt6.6103.addons.qtmultimedia.win64_msvc2022_64/6.10.3-0-202603310407qtmultimedia-Windows-Windows_11_24H2-MSVC2022-Windows-Windows_11_24H2-X86_64.7z
2026-09-09 23:19:35,173 - aqt.helper - INFO - helper 18032 Redirected: qtproject.mirror.liquidtelecom.com
2026-09-09 23:19:35,370 - aqt.helper - DEBUG - helper 19420 Asked to redirect(302) to: https://qtproject.mirror.liquidtelecom.com/online/qtsdkrepository/windows_x86/desktop/qt6_6103/qt6_6103/qt.qt6.6103.win64_msvc2022_64/6.10.3-0-202603310407qtbase-Windows-Windows_11_24H2-MSVC2022-Windows-Windows_11_24H2-X86_64.7z
2026-09-09 23:19:35,370 - aqt.helper - INFO - helper 19420 Redirected: qtproject.mirror.liquidtelecom.com
2026-09-09 23:19:35,414 - aqt.helper - DEBUG - helper 11420 Asked to redirect(302) to: https://qtproject.mirror.liquidtelecom.com/online/qtsdkrepository/windows_x86/desktop/qt6_6103/qt6_6103/qt.qt6.6103.win64_msvc2022_64/6.10.3-0-202603310407qtsvg-Windows-Windows_11_24H2-MSVC2022-Windows-Windows_11_24H2-X86_64.7z
2026-09-09 23:19:35,414 - aqt.helper - INFO - helper 11420 Redirected: qtproject.mirror.liquidtelecom.com
2026-09-09 23:19:35,539 - aqt.helper - DEBUG - helper 11800 Asked to redirect(302) to: https://qtproject.mirror.liquidtelecom.com/online/qtsdkrepository/windows_x86/desktop/qt6_6103/qt6_6103/qt.qt6.6103.win64_msvc2022_64/6.10.3-0-202603310407qtdeclarative-Windows-Windows_11_24H2-MSVC2022-Windows-Windows_11_24H2-X86_64.7z
2026-09-09 23:19:35,539 - aqt.helper - INFO - helper 11800 Redirected: qtproject.mirror.liquidtelecom.com
2026-09-09 23:19:38,249 - aqt.installer - INFO - installer 11420 Finished installation of qtsvg-Windows-Windows_11_24H2-MSVC2022-Windows-Windows_11_24H2-X86_64.7z in 4.17742540
2026-09-09 23:19:38,266 - aqt.helper - DEBUG - helper 11420 Attempt to download checksum at https://download.qt.io/online/qtsdkrepository/windows_x86/desktop/qt6_6103/qt6_6103/qt.qt6.6103.win64_msvc2022_64/6.10.3-0-202603310407qttools-Windows-Windows_11_24H2-MSVC2022-Windows-Windows_11_24H2-X86_64.7z.sha256
2026-09-09 23:19:38,834 - aqt.helper - INFO - helper 11420 Downloading qttools...
2026-09-09 23:19:38,835 - aqt.installer - DEBUG - installer 11420 Download URL: https://download.qt.io/online/qtsdkrepository/windows_x86/desktop/qt6_6103/qt6_6103/qt.qt6.6103.win64_msvc2022_64/6.10.3-0-202603310407qttools-Windows-Windows_11_24H2-MSVC2022-Windows-Windows_11_24H2-X86_64.7z
2026-09-09 23:19:39,459 - aqt.helper - DEBUG - helper 11420 Asked to redirect(302) to: https://qtproject.mirror.liquidtelecom.com/online/qtsdkrepository/windows_x86/desktop/qt6_6103/qt6_6103/qt.qt6.6103.win64_msvc2022_64/6.10.3-0-202603310407qttools-Windows-Windows_11_24H2-MSVC2022-Windows-Windows_11_24H2-X86_64.7z
2026-09-09 23:19:39,460 - aqt.helper - INFO - helper 11420 Redirected: qtproject.mirror.liquidtelecom.com
2026-09-09 23:19:58,909 - aqt.installer - INFO - installer 11420 Finished installation of qttools-Windows-Windows_11_24H2-MSVC2022-Windows-Windows_11_24H2-X86_64.7z in 20.64491680
2026-09-09 23:19:58,927 - aqt.helper - DEBUG - helper 11420 Attempt to download checksum at https://download.qt.io/online/qtsdkrepository/windows_x86/desktop/qt6_6103/qt6_6103/qt.qt6.6103.win64_msvc2022_64/6.10.3-0-202603310407qttranslations-Windows-Windows_11_24H2-MSVC2022-Windows-Windows_11_24H2-X86_64.7z.sha256
2026-09-09 23:19:59,506 - aqt.helper - INFO - helper 11420 Downloading qttranslations...
2026-09-09 23:19:59,506 - aqt.installer - DEBUG - installer 11420 Download URL: https://download.qt.io/online/qtsdkrepository/windows_x86/desktop/qt6_6103/qt6_6103/qt.qt6.6103.win64_msvc2022_64/6.10.3-0-202603310407qttranslations-Windows-Windows_11_24H2-MSVC2022-Windows-Windows_11_24H2-X86_64.7z
2026-09-09 23:20:00,122 - aqt.helper - DEBUG - helper 11420 Asked to redirect(302) to: https://qtproject.mirror.liquidtelecom.com/online/qtsdkrepository/windows_x86/desktop/qt6_6103/qt6_6103/qt.qt6.6103.win64_msvc2022_64/6.10.3-0-202603310407qttranslations-Windows-Windows_11_24H2-MSVC2022-Windows-Windows_11_24H2-X86_64.7z
2026-09-09 23:20:00,122 - aqt.helper - INFO - helper 11420 Redirected: qtproject.mirror.liquidtelecom.com
2026-09-09 23:20:02,924 - aqt.installer - INFO - installer 18032 Finished installation of qtmultimedia-Windows-Windows_11_24H2-MSVC2022-Windows-Windows_11_24H2-X86_64.7z in 29.10436680
2026-09-09 23:20:02,949 - aqt.helper - DEBUG - helper 18032 Attempt to download checksum at https://download.qt.io/online/qtsdkrepository/windows_x86/desktop/qt6_6103/qt6_6103/qt.qt6.6103.win64_msvc2022_64/6.10.3-0-202603310407d3dcompiler_47-x64.7z.sha256
2026-09-09 23:20:03,546 - aqt.helper - INFO - helper 18032 Downloading d3dcompiler_47...
2026-09-09 23:20:03,546 - aqt.installer - DEBUG - installer 18032 Download URL: https://download.qt.io/online/qtsdkrepository/windows_x86/desktop/qt6_6103/qt6_6103/qt.qt6.6103.win64_msvc2022_64/6.10.3-0-202603310407d3dcompiler_47-x64.7z
2026-09-09 23:20:04,125 - aqt.helper - DEBUG - helper 18032 Asked to redirect(302) to: https://qtproject.mirror.liquidtelecom.com/online/qtsdkrepository/windows_x86/desktop/qt6_6103/qt6_6103/qt.qt6.6103.win64_msvc2022_64/6.10.3-0-202603310407d3dcompiler_47-x64.7z
2026-09-09 23:20:04,125 - aqt.helper - INFO - helper 18032 Redirected: qtproject.mirror.liquidtelecom.com
2026-09-09 23:20:04,624 - aqt.installer - INFO - installer 11420 Finished installation of qttranslations-Windows-Windows_11_24H2-MSVC2022-Windows-Windows_11_24H2-X86_64.7z in 5.69899480
2026-09-09 23:20:04,641 - aqt.helper - DEBUG - helper 11420 Attempt to download checksum at https://download.qt.io/online/qtsdkrepository/windows_x86/desktop/qt6_6103/qt6_6103/qt.qt6.6103.win64_msvc2022_64/6.10.3-0-202603310407opengl32sw-64-mesa_11_2_2-signed_sha256.7z.sha256
2026-09-09 23:20:05,358 - aqt.helper - INFO - helper 11420 Downloading opengl32sw...
2026-09-09 23:20:05,358 - aqt.installer - DEBUG - installer 11420 Download URL: https://download.qt.io/online/qtsdkrepository/windows_x86/desktop/qt6_6103/qt6_6103/qt.qt6.6103.win64_msvc2022_64/6.10.3-0-202603310407opengl32sw-64-mesa_11_2_2-signed_sha256.7z
2026-09-09 23:20:06,031 - aqt.helper - DEBUG - helper 11420 Asked to redirect(302) to: https://qtproject.mirror.liquidtelecom.com/online/qtsdkrepository/windows_x86/desktop/qt6_6103/qt6_6103/qt.qt6.6103.win64_msvc2022_64/6.10.3-0-202603310407opengl32sw-64-mesa_11_2_2-signed_sha256.7z
2026-09-09 23:20:06,031 - aqt.helper - INFO - helper 11420 Redirected: qtproject.mirror.liquidtelecom.com
2026-09-09 23:20:06,529 - aqt.installer - INFO - installer 18032 Finished installation of d3dcompiler_47-x64.7z in 3.58199480
2026-09-09 23:20:10,180 - aqt.installer - INFO - installer 11420 Finished installation of opengl32sw-64-mesa_11_2_2-signed_sha256.7z in 5.54105080
2026-09-09 23:20:14,823 - aqt.installer - INFO - installer 19420 Finished installation of qtbase-Windows-Windows_11_24H2-MSVC2022-Windows-Windows_11_24H2-X86_64.7z in 40.89978970
2026-09-09 23:21:11,519 - aqt.installer - INFO - installer 11800 Finished installation of qtdeclarative-Windows-Windows_11_24H2-MSVC2022-Windows-Windows_11_24H2-X86_64.7z in 97.29661940
2026-09-09 23:21:12,800 - aqt.updater - INFO - updater 20400 Patching C:\Qt\6.10.3\msvc2022_64\bin\qmake.exe
2026-09-09 23:21:12,805 - aqt.updater - INFO - updater 20400 Patching C:\Qt\6.10.3\msvc2022_64\lib\Qt6Concurrent.prl
2026-09-09 23:21:12,811 - aqt.updater - INFO - updater 20400 Patching C:\Qt\6.10.3\msvc2022_64\lib\Qt6Concurrentd.prl
2026-09-09 23:21:12,816 - aqt.updater - INFO - updater 20400 Patching C:\Qt\6.10.3\msvc2022_64\lib\Qt6Core.prl
2026-09-09 23:21:12,821 - aqt.updater - INFO - updater 20400 Patching C:\Qt\6.10.3\msvc2022_64\lib\Qt6Cored.prl
2026-09-09 23:21:12,828 - aqt.updater - INFO - updater 20400 Patching C:\Qt\6.10.3\msvc2022_64\lib\Qt6DBus.prl
2026-09-09 23:21:12,833 - aqt.updater - INFO - updater 20400 Patching C:\Qt\6.10.3\msvc2022_64\lib\Qt6DBusd.prl
2026-09-09 23:21:12,838 - aqt.updater - INFO - updater 20400 Patching C:\Qt\6.10.3\msvc2022_64\lib\Qt6Designer.prl
2026-09-09 23:21:12,843 - aqt.updater - INFO - updater 20400 Patching C:\Qt\6.10.3\msvc2022_64\lib\Qt6DesignerComponents.prl
2026-09-09 23:21:12,849 - aqt.updater - INFO - updater 20400 Patching C:\Qt\6.10.3\msvc2022_64\lib\Qt6DesignerComponentsd.prl
2026-09-09 23:21:12,855 - aqt.updater - INFO - updater 20400 Patching C:\Qt\6.10.3\msvc2022_64\lib\Qt6Designerd.prl
2026-09-09 23:21:12,860 - aqt.updater - INFO - updater 20400 Patching C:\Qt\6.10.3\msvc2022_64\lib\Qt6DeviceDiscoverySupport.prl
2026-09-09 23:21:12,865 - aqt.updater - INFO - updater 20400 Patching C:\Qt\6.10.3\msvc2022_64\lib\Qt6DeviceDiscoverySupportd.prl
2026-09-09 23:21:12,870 - aqt.updater - INFO - updater 20400 Patching C:\Qt\6.10.3\msvc2022_64\lib\Qt6EntryPoint.prl
2026-09-09 23:21:12,875 - aqt.updater - INFO - updater 20400 Patching C:\Qt\6.10.3\msvc2022_64\lib\Qt6EntryPointd.prl
2026-09-09 23:21:12,881 - aqt.updater - INFO - updater 20400 Patching C:\Qt\6.10.3\msvc2022_64\lib\Qt6ExampleIcons.prl
2026-09-09 23:21:12,886 - aqt.updater - INFO - updater 20400 Patching C:\Qt\6.10.3\msvc2022_64\lib\Qt6ExampleIconsd.prl
2026-09-09 23:21:12,892 - aqt.updater - INFO - updater 20400 Patching C:\Qt\6.10.3\msvc2022_64\lib\Qt6ExamplesAssetDownloader.prl
2026-09-09 23:21:12,897 - aqt.updater - INFO - updater 20400 Patching C:\Qt\6.10.3\msvc2022_64\lib\Qt6ExamplesAssetDownloaderd.prl
2026-09-09 23:21:12,903 - aqt.updater - INFO - updater 20400 Patching C:\Qt\6.10.3\msvc2022_64\lib\Qt6FbSupport.prl
2026-09-09 23:21:12,908 - aqt.updater - INFO - updater 20400 Patching C:\Qt\6.10.3\msvc2022_64\lib\Qt6FbSupportd.prl
2026-09-09 23:21:12,914 - aqt.updater - INFO - updater 20400 Patching C:\Qt\6.10.3\msvc2022_64\lib\Qt6FFmpegMediaPluginImpl.prl
2026-09-09 23:21:12,919 - aqt.updater - INFO - updater 20400 Patching C:\Qt\6.10.3\msvc2022_64\lib\Qt6FFmpegMediaPluginImpld.prl
2026-09-09 23:21:12,924 - aqt.updater - INFO - updater 20400 Patching C:\Qt\6.10.3\msvc2022_64\lib\Qt6Gui.prl
2026-09-09 23:21:12,930 - aqt.updater - INFO - updater 20400 Patching C:\Qt\6.10.3\msvc2022_64\lib\Qt6Guid.prl
2026-09-09 23:21:12,935 - aqt.updater - INFO - updater 20400 Patching C:\Qt\6.10.3\msvc2022_64\lib\Qt6Help.prl
2026-09-09 23:21:12,940 - aqt.updater - INFO - updater 20400 Patching C:\Qt\6.10.3\msvc2022_64\lib\Qt6Helpd.prl
2026-09-09 23:21:12,945 - aqt.updater - INFO - updater 20400 Patching C:\Qt\6.10.3\msvc2022_64\lib\Qt6LabsAnimation.prl
2026-09-09 23:21:12,950 - aqt.updater - INFO - updater 20400 Patching C:\Qt\6.10.3\msvc2022_64\lib\Qt6LabsAnimationd.prl
2026-09-09 23:21:12,956 - aqt.updater - INFO - updater 20400 Patching C:\Qt\6.10.3\msvc2022_64\lib\Qt6LabsFolderListModel.prl
2026-09-09 23:21:12,961 - aqt.updater - INFO - updater 20400 Patching C:\Qt\6.10.3\msvc2022_64\lib\Qt6LabsFolderListModeld.prl
2026-09-09 23:21:12,966 - aqt.updater - INFO - updater 20400 Patching C:\Qt\6.10.3\msvc2022_64\lib\Qt6LabsPlatform.prl
2026-09-09 23:21:12,971 - aqt.updater - INFO - updater 20400 Patching C:\Qt\6.10.3\msvc2022_64\lib\Qt6LabsPlatformd.prl
2026-09-09 23:21:12,976 - aqt.updater - INFO - updater 20400 Patching C:\Qt\6.10.3\msvc2022_64\lib\Qt6LabsQmlModels.prl
2026-09-09 23:21:12,981 - aqt.updater - INFO - updater 20400 Patching C:\Qt\6.10.3\msvc2022_64\lib\Qt6LabsQmlModelsd.prl
2026-09-09 23:21:12,985 - aqt.updater - INFO - updater 20400 Patching C:\Qt\6.10.3\msvc2022_64\lib\Qt6LabsSettings.prl
2026-09-09 23:21:12,991 - aqt.updater - INFO - updater 20400 Patching C:\Qt\6.10.3\msvc2022_64\lib\Qt6LabsSettingsd.prl
2026-09-09 23:21:12,997 - aqt.updater - INFO - updater 20400 Patching C:\Qt\6.10.3\msvc2022_64\lib\Qt6LabsSharedImage.prl
2026-09-09 23:21:13,003 - aqt.updater - INFO - updater 20400 Patching C:\Qt\6.10.3\msvc2022_64\lib\Qt6LabsSharedImaged.prl
2026-09-09 23:21:13,007 - aqt.updater - INFO - updater 20400 Patching C:\Qt\6.10.3\msvc2022_64\lib\Qt6LabsSynchronizer.prl
2026-09-09 23:21:13,012 - aqt.updater - INFO - updater 20400 Patching C:\Qt\6.10.3\msvc2022_64\lib\Qt6LabsSynchronizerd.prl
2026-09-09 23:21:13,017 - aqt.updater - INFO - updater 20400 Patching C:\Qt\6.10.3\msvc2022_64\lib\Qt6LabsWavefrontMesh.prl
2026-09-09 23:21:13,022 - aqt.updater - INFO - updater 20400 Patching C:\Qt\6.10.3\msvc2022_64\lib\Qt6LabsWavefrontMeshd.prl
2026-09-09 23:21:13,028 - aqt.updater - INFO - updater 20400 Patching C:\Qt\6.10.3\msvc2022_64\lib\Qt6Multimedia.prl
2026-09-09 23:21:13,032 - aqt.updater - INFO - updater 20400 Patching C:\Qt\6.10.3\msvc2022_64\lib\Qt6Multimediad.prl
2026-09-09 23:21:13,037 - aqt.updater - INFO - updater 20400 Patching C:\Qt\6.10.3\msvc2022_64\lib\Qt6MultimediaQuick.prl
2026-09-09 23:21:13,042 - aqt.updater - INFO - updater 20400 Patching C:\Qt\6.10.3\msvc2022_64\lib\Qt6MultimediaQuickd.prl
2026-09-09 23:21:13,048 - aqt.updater - INFO - updater 20400 Patching C:\Qt\6.10.3\msvc2022_64\lib\Qt6MultimediaTestLib.prl
2026-09-09 23:21:13,053 - aqt.updater - INFO - updater 20400 Patching C:\Qt\6.10.3\msvc2022_64\lib\Qt6MultimediaTestLibd.prl
2026-09-09 23:21:13,059 - aqt.updater - INFO - updater 20400 Patching C:\Qt\6.10.3\msvc2022_64\lib\Qt6MultimediaWidgets.prl
2026-09-09 23:21:13,064 - aqt.updater - INFO - updater 20400 Patching C:\Qt\6.10.3\msvc2022_64\lib\Qt6MultimediaWidgetsd.prl
2026-09-09 23:21:13,069 - aqt.updater - INFO - updater 20400 Patching C:\Qt\6.10.3\msvc2022_64\lib\Qt6Network.prl
2026-09-09 23:21:13,075 - aqt.updater - INFO - updater 20400 Patching C:\Qt\6.10.3\msvc2022_64\lib\Qt6Networkd.prl
2026-09-09 23:21:13,080 - aqt.updater - INFO - updater 20400 Patching C:\Qt\6.10.3\msvc2022_64\lib\Qt6OpenGL.prl
2026-09-09 23:21:13,086 - aqt.updater - INFO - updater 20400 Patching C:\Qt\6.10.3\msvc2022_64\lib\Qt6OpenGLd.prl
2026-09-09 23:21:13,091 - aqt.updater - INFO - updater 20400 Patching C:\Qt\6.10.3\msvc2022_64\lib\Qt6OpenGLWidgets.prl
2026-09-09 23:21:13,096 - aqt.updater - INFO - updater 20400 Patching C:\Qt\6.10.3\msvc2022_64\lib\Qt6OpenGLWidgetsd.prl
2026-09-09 23:21:13,102 - aqt.updater - INFO - updater 20400 Patching C:\Qt\6.10.3\msvc2022_64\lib\Qt6PacketProtocol.prl
2026-09-09 23:21:13,108 - aqt.updater - INFO - updater 20400 Patching C:\Qt\6.10.3\msvc2022_64\lib\Qt6PacketProtocold.prl
2026-09-09 23:21:13,114 - aqt.updater - INFO - updater 20400 Patching C:\Qt\6.10.3\msvc2022_64\lib\Qt6PrintSupport.prl
2026-09-09 23:21:13,119 - aqt.updater - INFO - updater 20400 Patching C:\Qt\6.10.3\msvc2022_64\lib\Qt6PrintSupportd.prl
2026-09-09 23:21:13,124 - aqt.updater - INFO - updater 20400 Patching C:\Qt\6.10.3\msvc2022_64\lib\Qt6Qml.prl
2026-09-09 23:21:13,130 - aqt.updater - INFO - updater 20400 Patching C:\Qt\6.10.3\msvc2022_64\lib\Qt6QmlAssetDownloader.prl
2026-09-09 23:21:13,136 - aqt.updater - INFO - updater 20400 Patching C:\Qt\6.10.3\msvc2022_64\lib\Qt6QmlAssetDownloaderd.prl
2026-09-09 23:21:13,141 - aqt.updater - INFO - updater 20400 Patching C:\Qt\6.10.3\msvc2022_64\lib\Qt6QmlCompiler.prl
2026-09-09 23:21:13,147 - aqt.updater - INFO - updater 20400 Patching C:\Qt\6.10.3\msvc2022_64\lib\Qt6QmlCompilerd.prl
2026-09-09 23:21:13,152 - aqt.updater - INFO - updater 20400 Patching C:\Qt\6.10.3\msvc2022_64\lib\Qt6QmlCore.prl
2026-09-09 23:21:13,157 - aqt.updater - INFO - updater 20400 Patching C:\Qt\6.10.3\msvc2022_64\lib\Qt6QmlCored.prl
2026-09-09 23:21:13,163 - aqt.updater - INFO - updater 20400 Patching C:\Qt\6.10.3\msvc2022_64\lib\Qt6Qmld.prl
2026-09-09 23:21:13,168 - aqt.updater - INFO - updater 20400 Patching C:\Qt\6.10.3\msvc2022_64\lib\Qt6QmlDebug.prl
2026-09-09 23:21:13,174 - aqt.updater - INFO - updater 20400 Patching C:\Qt\6.10.3\msvc2022_64\lib\Qt6QmlDebugd.prl
2026-09-09 23:21:13,178 - aqt.updater - INFO - updater 20400 Patching C:\Qt\6.10.3\msvc2022_64\lib\Qt6QmlDom.prl
2026-09-09 23:21:13,184 - aqt.updater - INFO - updater 20400 Patching C:\Qt\6.10.3\msvc2022_64\lib\Qt6QmlDomd.prl
2026-09-09 23:21:13,190 - aqt.updater - INFO - updater 20400 Patching C:\Qt\6.10.3\msvc2022_64\lib\Qt6QmlFormat.prl
2026-09-09 23:21:13,197 - aqt.updater - INFO - updater 20400 Patching C:\Qt\6.10.3\msvc2022_64\lib\Qt6QmlFormatd.prl
2026-09-09 23:21:13,202 - aqt.updater - INFO - updater 20400 Patching C:\Qt\6.10.3\msvc2022_64\lib\Qt6QmlLocalStorage.prl
2026-09-09 23:21:13,207 - aqt.updater - INFO - updater 20400 Patching C:\Qt\6.10.3\msvc2022_64\lib\Qt6QmlLocalStoraged.prl
2026-09-09 23:21:13,212 - aqt.updater - INFO - updater 20400 Patching C:\Qt\6.10.3\msvc2022_64\lib\Qt6QmlLS.prl
2026-09-09 23:21:13,217 - aqt.updater - INFO - updater 20400 Patching C:\Qt\6.10.3\msvc2022_64\lib\Qt6QmlLSd.prl
2026-09-09 23:21:13,222 - aqt.updater - INFO - updater 20400 Patching C:\Qt\6.10.3\msvc2022_64\lib\Qt6QmlMeta.prl
2026-09-09 23:21:13,227 - aqt.updater - INFO - updater 20400 Patching C:\Qt\6.10.3\msvc2022_64\lib\Qt6QmlMetad.prl
2026-09-09 23:21:13,232 - aqt.updater - INFO - updater 20400 Patching C:\Qt\6.10.3\msvc2022_64\lib\Qt6QmlModels.prl
2026-09-09 23:21:13,237 - aqt.updater - INFO - updater 20400 Patching C:\Qt\6.10.3\msvc2022_64\lib\Qt6QmlModelsd.prl
2026-09-09 23:21:13,242 - aqt.updater - INFO - updater 20400 Patching C:\Qt\6.10.3\msvc2022_64\lib\Qt6QmlNetwork.prl
2026-09-09 23:21:13,247 - aqt.updater - INFO - updater 20400 Patching C:\Qt\6.10.3\msvc2022_64\lib\Qt6QmlNetworkd.prl
2026-09-09 23:21:13,252 - aqt.updater - INFO - updater 20400 Patching C:\Qt\6.10.3\msvc2022_64\lib\Qt6QmlToolingSettings.prl
2026-09-09 23:21:13,258 - aqt.updater - INFO - updater 20400 Patching C:\Qt\6.10.3\msvc2022_64\lib\Qt6QmlToolingSettingsd.prl
2026-09-09 23:21:13,263 - aqt.updater - INFO - updater 20400 Patching C:\Qt\6.10.3\msvc2022_64\lib\Qt6QmlTypeRegistrar.prl
2026-09-09 23:21:13,268 - aqt.updater - INFO - updater 20400 Patching C:\Qt\6.10.3\msvc2022_64\lib\Qt6QmlTypeRegistrard.prl
2026-09-09 23:21:13,274 - aqt.updater - INFO - updater 20400 Patching C:\Qt\6.10.3\msvc2022_64\lib\Qt6QmlWorkerScript.prl
2026-09-09 23:21:13,279 - aqt.updater - INFO - updater 20400 Patching C:\Qt\6.10.3\msvc2022_64\lib\Qt6QmlWorkerScriptd.prl
2026-09-09 23:21:13,284 - aqt.updater - INFO - updater 20400 Patching C:\Qt\6.10.3\msvc2022_64\lib\Qt6QmlXmlListModel.prl
2026-09-09 23:21:13,289 - aqt.updater - INFO - updater 20400 Patching C:\Qt\6.10.3\msvc2022_64\lib\Qt6QmlXmlListModeld.prl
2026-09-09 23:21:13,295 - aqt.updater - INFO - updater 20400 Patching C:\Qt\6.10.3\msvc2022_64\lib\Qt6Quick.prl
2026-09-09 23:21:13,300 - aqt.updater - INFO - updater 20400 Patching C:\Qt\6.10.3\msvc2022_64\lib\Qt6Quick3DSpatialAudio.prl
2026-09-09 23:21:13,305 - aqt.updater - INFO - updater 20400 Patching C:\Qt\6.10.3\msvc2022_64\lib\Qt6Quick3DSpatialAudiod.prl
2026-09-09 23:21:13,310 - aqt.updater - INFO - updater 20400 Patching C:\Qt\6.10.3\msvc2022_64\lib\Qt6QuickControls2.prl
2026-09-09 23:21:13,315 - aqt.updater - INFO - updater 20400 Patching C:\Qt\6.10.3\msvc2022_64\lib\Qt6QuickControls2Basic.prl
2026-09-09 23:21:13,320 - aqt.updater - INFO - updater 20400 Patching C:\Qt\6.10.3\msvc2022_64\lib\Qt6QuickControls2Basicd.prl
2026-09-09 23:21:13,325 - aqt.updater - INFO - updater 20400 Patching C:\Qt\6.10.3\msvc2022_64\lib\Qt6QuickControls2BasicStyleImpl.prl
2026-09-09 23:21:13,331 - aqt.updater - INFO - updater 20400 Patching C:\Qt\6.10.3\msvc2022_64\lib\Qt6QuickControls2BasicStyleImpld.prl
2026-09-09 23:21:13,336 - aqt.updater - INFO - updater 20400 Patching C:\Qt\6.10.3\msvc2022_64\lib\Qt6QuickControls2d.prl
2026-09-09 23:21:13,341 - aqt.updater - INFO - updater 20400 Patching C:\Qt\6.10.3\msvc2022_64\lib\Qt6QuickControls2FluentWinUI3StyleImpl.prl
2026-09-09 23:21:13,346 - aqt.updater - INFO - updater 20400 Patching C:\Qt\6.10.3\msvc2022_64\lib\Qt6QuickControls2FluentWinUI3StyleImpld.prl
2026-09-09 23:21:13,351 - aqt.updater - INFO - updater 20400 Patching C:\Qt\6.10.3\msvc2022_64\lib\Qt6QuickControls2Fusion.prl
2026-09-09 23:21:13,357 - aqt.updater - INFO - updater 20400 Patching C:\Qt\6.10.3\msvc2022_64\lib\Qt6QuickControls2Fusiond.prl
2026-09-09 23:21:13,363 - aqt.updater - INFO - updater 20400 Patching C:\Qt\6.10.3\msvc2022_64\lib\Qt6QuickControls2FusionStyleImpl.prl
2026-09-09 23:21:13,368 - aqt.updater - INFO - updater 20400 Patching C:\Qt\6.10.3\msvc2022_64\lib\Qt6QuickControls2FusionStyleImpld.prl
2026-09-09 23:21:13,373 - aqt.updater - INFO - updater 20400 Patching C:\Qt\6.10.3\msvc2022_64\lib\Qt6QuickControls2Imagine.prl
2026-09-09 23:21:13,379 - aqt.updater - INFO - updater 20400 Patching C:\Qt\6.10.3\msvc2022_64\lib\Qt6QuickControls2Imagined.prl
2026-09-09 23:21:13,384 - aqt.updater - INFO - updater 20400 Patching C:\Qt\6.10.3\msvc2022_64\lib\Qt6QuickControls2ImagineStyleImpl.prl
2026-09-09 23:21:13,390 - aqt.updater - INFO - updater 20400 Patching C:\Qt\6.10.3\msvc2022_64\lib\Qt6QuickControls2ImagineStyleImpld.prl
2026-09-09 23:21:13,418 - aqt.updater - INFO - updater 20400 Patching C:\Qt\6.10.3\msvc2022_64\lib\Qt6QuickControls2Impl.prl
2026-09-09 23:21:13,424 - aqt.updater - INFO - updater 20400 Patching C:\Qt\6.10.3\msvc2022_64\lib\Qt6QuickControls2Impld.prl
2026-09-09 23:21:13,441 - aqt.updater - INFO - updater 20400 Patching C:\Qt\6.10.3\msvc2022_64\lib\Qt6QuickControls2Material.prl
2026-09-09 23:21:13,447 - aqt.updater - INFO - updater 20400 Patching C:\Qt\6.10.3\msvc2022_64\lib\Qt6QuickControls2Materiald.prl
2026-09-09 23:21:13,452 - aqt.updater - INFO - updater 20400 Patching C:\Qt\6.10.3\msvc2022_64\lib\Qt6QuickControls2MaterialStyleImpl.prl
2026-09-09 23:21:13,458 - aqt.updater - INFO - updater 20400 Patching C:\Qt\6.10.3\msvc2022_64\lib\Qt6QuickControls2MaterialStyleImpld.prl
2026-09-09 23:21:13,463 - aqt.updater - INFO - updater 20400 Patching C:\Qt\6.10.3\msvc2022_64\lib\Qt6QuickControls2Universal.prl
2026-09-09 23:21:13,468 - aqt.updater - INFO - updater 20400 Patching C:\Qt\6.10.3\msvc2022_64\lib\Qt6QuickControls2Universald.prl
2026-09-09 23:21:13,473 - aqt.updater - INFO - updater 20400 Patching C:\Qt\6.10.3\msvc2022_64\lib\Qt6QuickControls2UniversalStyleImpl.prl
2026-09-09 23:21:13,521 - aqt.updater - INFO - updater 20400 Patching C:\Qt\6.10.3\msvc2022_64\lib\Qt6QuickControls2UniversalStyleImpld.prl
2026-09-09 23:21:13,526 - aqt.updater - INFO - updater 20400 Patching C:\Qt\6.10.3\msvc2022_64\lib\Qt6QuickControls2WindowsStyleImpl.prl
2026-09-09 23:21:13,533 - aqt.updater - INFO - updater 20400 Patching C:\Qt\6.10.3\msvc2022_64\lib\Qt6QuickControls2WindowsStyleImpld.prl
2026-09-09 23:21:13,538 - aqt.updater - INFO - updater 20400 Patching C:\Qt\6.10.3\msvc2022_64\lib\Qt6QuickControlsTestUtils.prl
2026-09-09 23:21:13,543 - aqt.updater - INFO - updater 20400 Patching C:\Qt\6.10.3\msvc2022_64\lib\Qt6QuickControlsTestUtilsd.prl
2026-09-09 23:21:13,550 - aqt.updater - INFO - updater 20400 Patching C:\Qt\6.10.3\msvc2022_64\lib\Qt6Quickd.prl
2026-09-09 23:21:13,556 - aqt.updater - INFO - updater 20400 Patching C:\Qt\6.10.3\msvc2022_64\lib\Qt6QuickDialogs2.prl
2026-09-09 23:21:13,561 - aqt.updater - INFO - updater 20400 Patching C:\Qt\6.10.3\msvc2022_64\lib\Qt6QuickDialogs2d.prl
2026-09-09 23:21:13,566 - aqt.updater - INFO - updater 20400 Patching C:\Qt\6.10.3\msvc2022_64\lib\Qt6QuickDialogs2QuickImpl.prl
2026-09-09 23:21:13,572 - aqt.updater - INFO - updater 20400 Patching C:\Qt\6.10.3\msvc2022_64\lib\Qt6QuickDialogs2QuickImpld.prl
2026-09-09 23:21:13,578 - aqt.updater - INFO - updater 20400 Patching C:\Qt\6.10.3\msvc2022_64\lib\Qt6QuickDialogs2Utils.prl
2026-09-09 23:21:13,584 - aqt.updater - INFO - updater 20400 Patching C:\Qt\6.10.3\msvc2022_64\lib\Qt6QuickDialogs2Utilsd.prl
2026-09-09 23:21:13,589 - aqt.updater - INFO - updater 20400 Patching C:\Qt\6.10.3\msvc2022_64\lib\Qt6QuickEffects.prl
2026-09-09 23:21:13,594 - aqt.updater - INFO - updater 20400 Patching C:\Qt\6.10.3\msvc2022_64\lib\Qt6QuickEffectsd.prl
2026-09-09 23:21:13,601 - aqt.updater - INFO - updater 20400 Patching C:\Qt\6.10.3\msvc2022_64\lib\Qt6QuickLayouts.prl
2026-09-09 23:21:13,606 - aqt.updater - INFO - updater 20400 Patching C:\Qt\6.10.3\msvc2022_64\lib\Qt6QuickLayoutsd.prl
2026-09-09 23:21:13,612 - aqt.updater - INFO - updater 20400 Patching C:\Qt\6.10.3\msvc2022_64\lib\Qt6QuickParticles.prl
2026-09-09 23:21:13,617 - aqt.updater - INFO - updater 20400 Patching C:\Qt\6.10.3\msvc2022_64\lib\Qt6QuickParticlesd.prl
2026-09-09 23:21:13,623 - aqt.updater - INFO - updater 20400 Patching C:\Qt\6.10.3\msvc2022_64\lib\Qt6QuickShapes.prl
2026-09-09 23:21:13,628 - aqt.updater - INFO - updater 20400 Patching C:\Qt\6.10.3\msvc2022_64\lib\Qt6QuickShapesd.prl
2026-09-09 23:21:13,634 - aqt.updater - INFO - updater 20400 Patching C:\Qt\6.10.3\msvc2022_64\lib\Qt6QuickShapesDesignHelpers.prl
2026-09-09 23:21:13,639 - aqt.updater - INFO - updater 20400 Patching C:\Qt\6.10.3\msvc2022_64\lib\Qt6QuickShapesDesignHelpersd.prl
2026-09-09 23:21:13,645 - aqt.updater - INFO - updater 20400 Patching C:\Qt\6.10.3\msvc2022_64\lib\Qt6QuickTemplates2.prl
2026-09-09 23:21:13,650 - aqt.updater - INFO - updater 20400 Patching C:\Qt\6.10.3\msvc2022_64\lib\Qt6QuickTemplates2d.prl
2026-09-09 23:21:13,656 - aqt.updater - INFO - updater 20400 Patching C:\Qt\6.10.3\msvc2022_64\lib\Qt6QuickTest.prl
2026-09-09 23:21:13,661 - aqt.updater - INFO - updater 20400 Patching C:\Qt\6.10.3\msvc2022_64\lib\Qt6QuickTestd.prl
2026-09-09 23:21:13,667 - aqt.updater - INFO - updater 20400 Patching C:\Qt\6.10.3\msvc2022_64\lib\Qt6QuickTestUtils.prl
2026-09-09 23:21:13,673 - aqt.updater - INFO - updater 20400 Patching C:\Qt\6.10.3\msvc2022_64\lib\Qt6QuickTestUtilsd.prl
2026-09-09 23:21:13,679 - aqt.updater - INFO - updater 20400 Patching C:\Qt\6.10.3\msvc2022_64\lib\Qt6QuickVectorImage.prl
2026-09-09 23:21:13,684 - aqt.updater - INFO - updater 20400 Patching C:\Qt\6.10.3\msvc2022_64\lib\Qt6QuickVectorImaged.prl
2026-09-09 23:21:13,689 - aqt.updater - INFO - updater 20400 Patching C:\Qt\6.10.3\msvc2022_64\lib\Qt6QuickVectorImageGenerator.prl
2026-09-09 23:21:13,695 - aqt.updater - INFO - updater 20400 Patching C:\Qt\6.10.3\msvc2022_64\lib\Qt6QuickVectorImageGeneratord.prl
2026-09-09 23:21:13,700 - aqt.updater - INFO - updater 20400 Patching C:\Qt\6.10.3\msvc2022_64\lib\Qt6QuickVectorImageHelpers.prl
2026-09-09 23:21:13,705 - aqt.updater - INFO - updater 20400 Patching C:\Qt\6.10.3\msvc2022_64\lib\Qt6QuickVectorImageHelpersd.prl
2026-09-09 23:21:13,712 - aqt.updater - INFO - updater 20400 Patching C:\Qt\6.10.3\msvc2022_64\lib\Qt6QuickWidgets.prl
2026-09-09 23:21:13,718 - aqt.updater - INFO - updater 20400 Patching C:\Qt\6.10.3\msvc2022_64\lib\Qt6QuickWidgetsd.prl
2026-09-09 23:21:13,723 - aqt.updater - INFO - updater 20400 Patching C:\Qt\6.10.3\msvc2022_64\lib\Qt6SpatialAudio.prl
2026-09-09 23:21:13,731 - aqt.updater - INFO - updater 20400 Patching C:\Qt\6.10.3\msvc2022_64\lib\Qt6SpatialAudiod.prl
2026-09-09 23:21:13,736 - aqt.updater - INFO - updater 20400 Patching C:\Qt\6.10.3\msvc2022_64\lib\Qt6Sql.prl
2026-09-09 23:21:13,742 - aqt.updater - INFO - updater 20400 Patching C:\Qt\6.10.3\msvc2022_64\lib\Qt6Sqld.prl
2026-09-09 23:21:13,747 - aqt.updater - INFO - updater 20400 Patching C:\Qt\6.10.3\msvc2022_64\lib\Qt6Svg.prl
2026-09-09 23:21:13,753 - aqt.updater - INFO - updater 20400 Patching C:\Qt\6.10.3\msvc2022_64\lib\Qt6Svgd.prl
2026-09-09 23:21:13,759 - aqt.updater - INFO - updater 20400 Patching C:\Qt\6.10.3\msvc2022_64\lib\Qt6SvgWidgets.prl
2026-09-09 23:21:13,765 - aqt.updater - INFO - updater 20400 Patching C:\Qt\6.10.3\msvc2022_64\lib\Qt6SvgWidgetsd.prl
2026-09-09 23:21:13,770 - aqt.updater - INFO - updater 20400 Patching C:\Qt\6.10.3\msvc2022_64\lib\Qt6Test.prl
2026-09-09 23:21:13,788 - aqt.updater - INFO - updater 20400 Patching C:\Qt\6.10.3\msvc2022_64\lib\Qt6Testd.prl
2026-09-09 23:21:13,793 - aqt.updater - INFO - updater 20400 Patching C:\Qt\6.10.3\msvc2022_64\lib\Qt6UiTools.prl
2026-09-09 23:21:13,799 - aqt.updater - INFO - updater 20400 Patching C:\Qt\6.10.3\msvc2022_64\lib\Qt6UiToolsd.prl
2026-09-09 23:21:13,805 - aqt.updater - INFO - updater 20400 Patching C:\Qt\6.10.3\msvc2022_64\lib\Qt6Widgets.prl
2026-09-09 23:21:13,810 - aqt.updater - INFO - updater 20400 Patching C:\Qt\6.10.3\msvc2022_64\lib\Qt6Widgetsd.prl
2026-09-09 23:21:13,815 - aqt.updater - INFO - updater 20400 Patching C:\Qt\6.10.3\msvc2022_64\lib\Qt6Xml.prl
2026-09-09 23:21:13,821 - aqt.updater - INFO - updater 20400 Patching C:\Qt\6.10.3\msvc2022_64\lib\Qt6Xmld.prl
2026-09-09 23:21:13,867 - aqt.main - INFO - installer 20400 Finished installation
2026-09-09 23:21:13,867 - aqt.main - INFO - installer 20400 Time elapsed: 104.57258990 second
